Parse error at 1:11:
  Unexpected token: ^
  Expected one of the following tokens instead: '(','[','{','import','true','false',<string>,<number>,<number>,'{=',<identifier>

Parse error at 1:13:
  Unexpected token: {
  Expected one of the following tokens instead: <identifier>,<eof>

Parse error at 1:14:
  Unexpected token: }
  Expected one of the following tokens instead: <eof>
